// Jest Snapshot v1, https://goo.gl/fbAQLP

exports[`Liquidation Dashboard Snapshot tests should match snapshot when data is loaded 1`] = `
<div>
  <h1
    class="flex items-center space-x-4 lg:space-x-6 border-b p-8 text-3xl font-bold tracking-tight"
  >
    Liquidated Vaults
  </h1>
  <div
    class="p-8"
  >
    <div
      class="grid grid-cols-2 xl:grid-cols-3 gap-4 mb-5"
    >
      <div
        class="rounded-lg border bg-card text-card-foreground shadow-sm"
      >
        <div
          class="p-6 flex flex-row items-center justify-between space-y-0 pb-2"
        >
          <h3
            class="tracking-tight text-sm font-medium"
          >
            Total Liquidated Vaults
          </h3>
        </div>
        <div
          class="p-6 pt-0"
        >
          <div
            class="text-2xl font-bold"
          >
            78
          </div>
        </div>
      </div>
    </div>
    <hr
      class="my-5"
    />
    <h2
      class="text-2xl fontebold tracking-tight mb-5"
    >
      Liquidated Vaults
    </h2>
    <div
      class="rounded-md border"
    >
      <div
        class="w-full overflow-auto"
      >
        <table
          class="w-full caption-bottom text-sm"
        >
          <thead
            class="[&_tr]:border-b"
          >
            <tr
              class="border-b transition-colors hover:bg-muted/50 data-[state=selected]:bg-muted"
            >
              <th
                class="h-12 px-4 text-left align-middle font-medium text-muted-foreground [&:has([role=checkbox])]:pr-0"
                style="width: 50px;"
              >
                <button
                  class="text-left w-full"
                  type="button"
                >
                  ID
                </button>
              </th>
              <th
                class="h-12 px-4 text-left align-middle font-medium text-muted-foreground [&:has([role=checkbox])]:pr-0"
                style="width: 300px;"
              >
                <button
                  class="text-left w-full"
                  type="button"
                >
                  Vault Manager
                </button>
              </th>
              <th
                class="h-12 px-4 text-left align-middle font-medium text-muted-foreground [&:has([role=checkbox])]:pr-0"
                style="width: 150px;"
              >
                <button
                  class="text-left w-full"
                  type="button"
                >
                  State
                </button>
              </th>
              <th
                class="h-12 px-4 text-left align-middle font-medium text-muted-foreground [&:has([role=checkbox])]:pr-0"
                style="width: 150px;"
              >
                <button
                  class="text-left w-full"
                  type="button"
                >
                  Liquidation Start Time
                </button>
              </th>
              <th
                class="h-12 px-4 text-left align-middle font-medium text-muted-foreground [&:has([role=checkbox])]:pr-0"
                style="width: 150px;"
              >
                <button
                  class="text-left w-full"
                  type="button"
                >
                  Liquidation Time
                </button>
              </th>
              <th
                class="h-12 px-4 text-left align-middle font-medium text-muted-foreground [&:has([role=checkbox])]:pr-0"
                style="width: 150px;"
              >
                <button
                  class="text-left w-full"
                  type="button"
                >
                  <div
                    class="text-right"
                  >
                    IST Debt Amount
                  </div>
                </button>
              </th>
              <th
                class="h-12 px-4 text-left align-middle font-medium text-muted-foreground [&:has([role=checkbox])]:pr-0"
                style="width: 150px;"
              >
                <button
                  class="text-left w-full"
                  type="button"
                >
                  <div
                    class="text-right"
                  >
                    Collateral Returned Amount
                  </div>
                </button>
              </th>
            </tr>
          </thead>
          <tbody
            class="[&_tr:last-child]:border-0"
          >
            <tr
              class="border-b transition-colors hover:bg-muted/50 data-[state=selected]:bg-muted"
              data-state="false"
            >
              <td
                class="p-4 align-middle [&:has([role=checkbox])]:pr-0"
              >
                44
              </td>
              <td
                class="p-4 align-middle [&:has([role=checkbox])]:pr-0"
              >
                ATOM
              </td>
              <td
                class="p-4 align-middle [&:has([role=checkbox])]:pr-0"
              >
                Liquidated
              </td>
              <td
                class="p-4 align-middle [&:has([role=checkbox])]:pr-0"
              >
                2023-08-17 23:00
              </td>
              <td
                class="p-4 align-middle [&:has([role=checkbox])]:pr-0"
              >
                24 minutes
              </td>
              <td
                class="p-4 align-middle [&:has([role=checkbox])]:pr-0"
              >
                <div
                  class="text-right font-medium"
                >
                  25.125
                </div>
              </td>
              <td
                class="p-4 align-middle [&:has([role=checkbox])]:pr-0"
              >
                <div
                  class="text-right font-medium"
                >
                  4.042
                </div>
              </td>
            </tr>
            <tr
              class="border-b transition-colors hover:bg-muted/50 data-[state=selected]:bg-muted"
              data-state="false"
            >
              <td
                class="p-4 align-middle [&:has([role=checkbox])]:pr-0"
              >
                83
              </td>
              <td
                class="p-4 align-middle [&:has([role=checkbox])]:pr-0"
              >
                stATOM
              </td>
              <td
                class="p-4 align-middle [&:has([role=checkbox])]:pr-0"
              >
                Liquidated
              </td>
              <td
                class="p-4 align-middle [&:has([role=checkbox])]:pr-0"
              >
                2024-04-13 21:00
              </td>
              <td
                class="p-4 align-middle [&:has([role=checkbox])]:pr-0"
              >
                23 minutes
              </td>
              <td
                class="p-4 align-middle [&:has([role=checkbox])]:pr-0"
              >
                <div
                  class="text-right font-medium"
                >
                  26.565
                </div>
              </td>
              <td
                class="p-4 align-middle [&:has([role=checkbox])]:pr-0"
              >
                <div
                  class="text-right font-medium"
                >
                  3.749
                </div>
              </td>
            </tr>
            <tr
              class="border-b transition-colors hover:bg-muted/50 data-[state=selected]:bg-muted"
              data-state="false"
            >
              <td
                class="p-4 align-middle [&:has([role=checkbox])]:pr-0"
              >
                24
              </td>
              <td
                class="p-4 align-middle [&:has([role=checkbox])]:pr-0"
              >
                stkATOM
              </td>
              <td
                class="p-4 align-middle [&:has([role=checkbox])]:pr-0"
              >
                Liquidated
              </td>
              <td
                class="p-4 align-middle [&:has([role=checkbox])]:pr-0"
              >
                2023-11-21 23:00
              </td>
              <td
                class="p-4 align-middle [&:has([role=checkbox])]:pr-0"
              >
                12 hours
              </td>
              <td
                class="p-4 align-middle [&:has([role=checkbox])]:pr-0"
              >
                <div
                  class="text-right font-medium"
                >
                  210.249
                </div>
              </td>
              <td
                class="p-4 align-middle [&:has([role=checkbox])]:pr-0"
              >
                <div
                  class="text-right font-medium"
                >
                  16.157
                </div>
              </td>
            </tr>
            <tr
              class="border-b transition-colors hover:bg-muted/50 data-[state=selected]:bg-muted"
              data-state="false"
            >
              <td
                class="p-4 align-middle [&:has([role=checkbox])]:pr-0"
              >
                38
              </td>
              <td
                class="p-4 align-middle [&:has([role=checkbox])]:pr-0"
              >
                stOSMO
              </td>
              <td
                class="p-4 align-middle [&:has([role=checkbox])]:pr-0"
              >
                Liquidated (Closed)
              </td>
              <td
                class="p-4 align-middle [&:has([role=checkbox])]:pr-0"
              >
                2024-04-19 03:00
              </td>
              <td
                class="p-4 align-middle [&:has([role=checkbox])]:pr-0"
              >
                1 hour
              </td>
              <td
                class="p-4 align-middle [&:has([role=checkbox])]:pr-0"
              >
                <div
                  class="text-right font-medium"
                >
                  0.001
                </div>
              </td>
              <td
                class="p-4 align-middle [&:has([role=checkbox])]:pr-0"
              >
                <div
                  class="text-right font-medium"
                >
                  0.001
                </div>
              </td>
            </tr>
            <tr
              class="border-b transition-colors hover:bg-muted/50 data-[state=selected]:bg-muted"
              data-state="false"
            >
              <td
                class="p-4 align-middle [&:has([role=checkbox])]:pr-0"
              >
                6
              </td>
              <td
                class="p-4 align-middle [&:has([role=checkbox])]:pr-0"
              >
                stTIA
              </td>
              <td
                class="p-4 align-middle [&:has([role=checkbox])]:pr-0"
              >
                Liquidated
              </td>
              <td
                class="p-4 align-middle [&:has([role=checkbox])]:pr-0"
              >
                2024-04-12 20:00
              </td>
              <td
                class="p-4 align-middle [&:has([role=checkbox])]:pr-0"
              >
                24 minutes
              </td>
              <td
                class="p-4 align-middle [&:has([role=checkbox])]:pr-0"
              >
                <div
                  class="text-right font-medium"
                >
                  7,568.66
                </div>
              </td>
              <td
                class="p-4 align-middle [&:has([role=checkbox])]:pr-0"
              >
                <div
                  class="text-right font-medium"
                >
                  921.651
                </div>
              </td>
            </tr>
          </tbody>
        </table>
      </div>
    </div>
  </div>
</div>
`;

exports[`Liquidation Dashboard Snapshot tests should match snapshot when data is loading 1`] = `
<div>
  <h1
    class="flex items-center space-x-4 lg:space-x-6 border-b p-8 text-3xl font-bold tracking-tight"
  >
    Liquidated Vaults
  </h1>
  <div
    class="p-8"
  >
    <div
      class="grid grid-cols-2 xl:grid-cols-3 gap-4 mb-5"
    >
      <div
        class="rounded-lg border bg-card text-card-foreground shadow-sm"
      >
        <div
          class="p-6 flex flex-row items-center justify-between space-y-0 pb-2"
        >
          <h3
            class="tracking-tight text-sm font-medium"
          >
            Total Liquidated Vaults
          </h3>
        </div>
        <div
          class="p-6 pt-0"
        >
          <div
            class="text-2xl font-bold"
          >
            <div
              class="animate-pulse bg-muted w-[50px] h-[32px] rounded-full"
            />
          </div>
        </div>
      </div>
    </div>
    <hr
      class="my-5"
    />
    <h2
      class="text-2xl fontebold tracking-tight mb-5"
    >
      Liquidated Vaults
    </h2>
    <div
      class="animate-pulse bg-muted w-full h-[20px] rounded-full mb-2"
    />
    <div
      class="animate-pulse bg-muted w-full h-[20px] rounded-full mb-2"
    />
    <div
      class="animate-pulse bg-muted w-full h-[20px] rounded-full mb-2"
    />
    <div
      class="animate-pulse bg-muted w-full h-[20px] rounded-full mb-2"
    />
  </div>
</div>
`;
